=== secrets + per-box overlay  2026-07-27T23:29:46Z ===
--- stream config/dot_env/.env (contents never printed) ---
env-copy-ok lines=90 mode=600
local .env lines=90
--- stream config/signing/cosign.key (never regenerated, never printed) ---
cosign-key-copy-ok mode=600
--- integrity: identical bytes on both sides? (verdict only) ---
cosign.key: byte-identical to the Mac source
.env:       byte-identical to the Mac source
--- cosign.pub is tracked, so it came with the push; is the pair consistent? ---
cosign.pub tracked-and-unmodified=yes
--- per-box overlay: only the two host assignments ---
NUC_HOST=mars12
NUC_USER=nuc
NUC_WORKSPACE=/workspace
TARGET_DIR=infra_build_nuc
VPATH_HOST=mars12
overlay-diff-scope:
config/dot_env/.env.nuc
--- git safe.directory, mirroring venus10 ---
/home/nuc/vpath_server_dev
/home/nuc/vpath_server_dev/vpath_agents
/workspace
/workspace/vpath_agents
===EXIT=0===
