=== 12-provisionBuildVM  start 2026-07-27T23:44:41Z ===
--- resolved pipeline line ---
ssh -o BatchMode=yes -o ConnectTimeout=12 -i /Users/drnorden/.ssh/id_ed25519 nuc@mars12 cd /home/nuc/vpath_server_dev && ./gradlew -Penv=nuc provisionBuildVM
--- running ---
[ok] ✓ nuc reachable over SSH (build host == deploy host == the NUC) — no VM to create
[info] Syncing FULL TREE to NUC (rsync, from-within runner channel — BP11)...
[ok] Workspace synced to NUC
[info] Syncing chat-api vendored vpath_agents (with .git provenance) to NUC...
[ok] vendored vpath_agents synced (provenance intact)
[info] Syncing vpath_agents vendor source to NUC...
[ok] vpath_agents synced
[info] Cloning vpath_orchestrator for workflow-base vendor...
[warn] Could not clone vpath_orchestrator — workflow-base build may fail
[info] Cloning vpath_weave for workflow-base vendor...
[warn] Could not clone vpath_weave — workflow-base build may fail
[ok] Workspace ownership normalized to nuc
[ok] Full-tree identity verified: /workspace is a complete git checkout at 1a2c51dc7891 (8821 tracked files, 474 extra/*.py match host)
[warn] Workspace not found at /workspace — using PWD
debconf: unable to initialize frontend: Dialog
debconf: (Dialog frontend will not work on a dumb terminal, an emacs shell buffer, or without a controlling terminal.)
debconf: falling back to frontend: Readline
debconf: unable to initialize frontend: Readline
debconf: (This frontend requires a controlling tty.)
debconf: falling back to frontend: Teletype
dpkg-preconfigure: unable to re-open stdin: 
debconf: unable to initialize frontend: Dialog
debconf: (Dialog frontend will not work on a dumb terminal, an emacs shell buffer, or without a controlling terminal.)
debconf: falling back to frontend: Readline
debconf: unable to initialize frontend: Readline
debconf: (This frontend requires a controlling tty.)
debconf: falling back to frontend: Teletype

Running kernel seems to be up-to-date.

The processor microcode seems to be up-to-date.

No services need to be restarted.

No containers need to be restarted.

No user sessions are running outdated binaries.

No VM guests are running outdated hypervisor (qemu) binaries on this host.
debconf: unable to initialize frontend: Dialog
debconf: (Dialog frontend will not work on a dumb terminal, an emacs shell buffer, or without a controlling terminal.)
debconf: falling back to frontend: Readline
debconf: unable to initialize frontend: Readline
debconf: (This frontend requires a controlling tty.)
debconf: falling back to frontend: Teletype
dpkg-preconfigure: unable to re-open stdin: 
debconf: unable to initialize frontend: Dialog
debconf: (Dialog frontend will not work on a dumb terminal, an emacs shell buffer, or without a controlling terminal.)
debconf: falling back to frontend: Readline
debconf: unable to initialize frontend: Readline
debconf: (This frontend requires a controlling tty.)
debconf: falling back to frontend: Teletype

Running kernel seems to be up-to-date.

The processor microcode seems to be up-to-date.

No services need to be restarted.

No containers need to be restarted.

No user sessions are running outdated binaries.

No VM guests are running outdated hypervisor (qemu) binaries on this host.
[warn] Re-login needed for docker group to take effect (pipeline uses sudo docker)
mise: installing mise...
#=#=#                                                                          

##                                                                         3.0%
#########                                                                 13.8%
##################                                                        25.5%
###########################                                               37.7%
####################################                                      50.5%
############################################                              62.1%
######################################################                    75.2%
##############################################################            87.4%
#######################################################################   99.9%
######################################################################## 100.0%
mise: installed successfully to /home/nuc/.local/bin/mise
mise: run the following to activate mise in your shell:
echo "eval \"\$(/home/nuc/.local/bin/mise activate bash)\"" >> ~/.bashrc

mise: run `mise doctor` to verify this is set up correctly
[warn] playwright install-deps failed
[info] Wrote build-VM tools descriptor: infra_build_nuc/tmp/BUILD_VM_TOOLS.json
Starting a Gradle Daemon (subsequent builds will be faster)
> Task :buildSrc:checkKotlinGradlePluginConfigurationErrors
> Task :buildSrc:compileKotlin UP-TO-DATE
> Task :buildSrc:compileJava NO-SOURCE
> Task :buildSrc:compileGroovy NO-SOURCE
> Task :buildSrc:pluginDescriptors UP-TO-DATE
> Task :buildSrc:processResources NO-SOURCE
> Task :buildSrc:classes UP-TO-DATE
> Task :buildSrc:jar UP-TO-DATE

> Task :bootstrapVMs

> Task :provisionBuildVM
OK: vendor_src verified at pinned sha 66b0634259b2ca81eec208d77659d666f7ec57d2 (v4.5.1)

[info] VPATH NUC Build-Host Provisioning (Ubuntu/apt, full parity)

[info] OS: Ubuntu 24.04.4 LTS (x86_64 / apt-arch amd64)
[info] Workspace: /workspace
[ok] Before-snapshot already present (preserving original baseline)

==> Base CLI packages
Hit:1 http://security.ubuntu.com/ubuntu noble-security InRelease
Hit:2 http://de.archive.ubuntu.com/ubuntu noble InRelease
Hit:3 http://de.archive.ubuntu.com/ubuntu noble-updates InRelease
Hit:4 http://de.archive.ubuntu.com/ubuntu noble-backports InRelease
Reading package lists...
Reading package lists...
Building dependency tree...
Reading state information...
curl is already the newest version (8.5.0-2ubuntu10.11).
wget is already the newest version (1.21.4-1ubuntu4.4).
git is already the newest version (1:2.43.0-1ubuntu7.3).
jq is already the newest version (1.7.1-3ubuntu0.24.04.2).
rsync is already the newest version (3.2.7-1ubuntu1.5).
ca-certificates is already the newest version (20260601~24.04.1).
unzip is already the newest version (6.0-28ubuntu4.1).
gnupg is already the newest version (2.4.4-2ubuntu17.4).
openssh-client is already the newest version (1:9.6p1-3ubuntu13.18).
openssl is already the newest version (3.0.13-0ubuntu3.11).
python3 is already the newest version (3.12.3-0ubuntu2.1).
python3-pip is already the newest version (24.0+dfsg-1ubuntu1.3).
python3-venv is already the newest version (3.12.3-0ubuntu2.1).
gettext-base is already the newest version (0.21-14ubuntu2).
perl is already the newest version (5.38.2-3.2ubuntu0.3).
0 upgraded, 0 newly installed, 0 to remove and 32 not upgraded.
[ok] Base CLI packages installed

==> Python command
[ok] python present: Python 3.12.3

==> yq
[ok] yq present: yq (https://github.com/mikefarah/yq/) version v4.53.3

==> kubectl
[ok] kubectl present

==> helm
[ok] helm present: v3.21.3+g1ad6e68

==> JDK 21
[ok] JDK present: openjdk version "21.0.11" 2026-04-21

==> Node.js
[ok] Node.js present: v22.23.1

==> Build tools (build-essential, maven)
Reading package lists...
Building dependency tree...
Reading state information...
The following additional packages will be installed:
  binutils binutils-common binutils-x86-64-linux-gnu bzip2 cpp cpp-13
  cpp-13-x86-64-linux-gnu cpp-x86-64-linux-gnu dpkg-dev g++-13
  g++-13-x86-64-linux-gnu g++-x86-64-linux-gnu gcc gcc-13 gcc-13-base
  gcc-13-x86-64-linux-gnu gcc-x86-64-linux-gnu libaopalliance-java
  libapache-pom-java libasan8 libatinject-jsr330-api-java libatomic1
  libbinutils libcc1-0 libcdi-api-java libcommons-cli-java libcommons-io-java
  libcommons-lang3-java libcommons-parent-java libctf-nobfd0 libctf0
  libdpkg-perl liberror-prone-java libgcc-13-dev
  libgeronimo-annotation-1.3-spec-java libgeronimo-interceptor-3.0-spec-java
  libgomp1 libgprofng0 libguava-java libguice-java libhwasan0 libisl23 libitm1
  libjansi-java libjsr305-java liblsan0 libmaven-parent-java
  libmaven-resolver-java libmaven-shared-utils-java libmaven3-core-java
  libmpc3 libplexus-cipher-java libplexus-classworlds-java
  libplexus-component-annotations-java libplexus-interpolation-java
  libplexus-sec-dispatcher-java libplexus-utils2-java libquadmath0 libsframe1
  libsisu-inject-java libsisu-plexus-java libslf4j-java libstdc++-13-dev
  libtsan2 libubsan1 libwagon-file-java libwagon-http-shaded-java
  libwagon-provider-api-java lto-disabled-list
Suggested packages:
  binutils-doc gprofng-gui bzip2-doc cpp-doc gcc-13-locales cpp-13-doc
  debian-keyring g++-multilib g++-13-multilib gcc-13-doc gcc-multilib autoconf
  automake libtool flex bison gdb gcc-doc gcc-13-multilib gdb-x86-64-linux-gnu
  libatinject-jsr330-api-java-doc libel-api-java libcommons-io-java-doc bzr
  libasm-java libcglib-java libjsr305-java-doc libmaven-shared-utils-java-doc
  liblogback-java libplexus-utils2-java-doc junit4 testng
  libcommons-logging-java liblog4j1.2-java libstdc++-13-doc make-doc
Recommended packages:
  fakeroot libalgorithm-merge-perl libfile-fcntllock-perl
The following NEW packages will be installed:
  binutils binutils-common binutils-x86-64-linux-gnu build-essential bzip2 cpp
  cpp-13 cpp-13-x86-64-linux-gnu cpp-x86-64-linux-gnu dpkg-dev g++ g++-13
  g++-13-x86-64-linux-gnu g++-x86-64-linux-gnu gcc gcc-13 gcc-13-base
  gcc-13-x86-64-linux-gnu gcc-x86-64-linux-gnu libaopalliance-java
  libapache-pom-java libasan8 libatinject-jsr330-api-java libatomic1
  libbinutils libcc1-0 libcdi-api-java libcommons-cli-java libcommons-io-java
  libcommons-lang3-java libcommons-parent-java libctf-nobfd0 libctf0
  libdpkg-perl liberror-prone-java libgcc-13-dev
  libgeronimo-annotation-1.3-spec-java libgeronimo-interceptor-3.0-spec-java
  libgomp1 libgprofng0 libguava-java libguice-java libhwasan0 libisl23 libitm1
  libjansi-java libjsr305-java liblsan0 libmaven-parent-java
  libmaven-resolver-java libmaven-shared-utils-java libmaven3-core-java
  libmpc3 libplexus-cipher-java libplexus-classworlds-java
  libplexus-component-annotations-java libplexus-interpolation-java
  libplexus-sec-dispatcher-java libplexus-utils2-java libquadmath0 libsframe1
  libsisu-inject-java libsisu-plexus-java libslf4j-java libstdc++-13-dev
  libtsan2 libubsan1 libwagon-file-java libwagon-http-shaded-java
  libwagon-provider-api-java lto-disabled-list make maven
0 upgraded, 73 newly installed, 0 to remove and 32 not upgraded.
Need to get 76.7 MB of archives.
After this operation, 241 MB of additional disk space will be used.
Get:1 http://de.archive.ubuntu.com/ubuntu noble-updates/main amd64 binutils-common amd64 2.42-4ubuntu2.10 [240 kB]
Get:2 http://de.archive.ubuntu.com/ubuntu noble-updates/main amd64 libsframe1 amd64 2.42-4ubuntu2.10 [15.7 kB]
Get:3 http://de.archive.ubuntu.com/ubuntu noble-updates/main amd64 libbinutils amd64 2.42-4ubuntu2.10 [577 kB]
Get:4 http://de.archive.ubuntu.com/ubuntu noble-updates/main amd64 libctf-nobfd0 amd64 2.42-4ubuntu2.10 [98.0 kB]
Get:5 http://de.archive.ubuntu.com/ubuntu noble-updates/main amd64 libctf0 amd64 2.42-4ubuntu2.10 [94.5 kB]
Get:6 http://de.archive.ubuntu.com/ubuntu noble-updates/main amd64 libgprofng0 amd64 2.42-4ubuntu2.10 [849 kB]
Get:7 http://de.archive.ubuntu.com/ubuntu noble-updates/main amd64 binutils-x86-64-linux-gnu amd64 2.42-4ubuntu2.10 [2,463 kB]
Get:8 http://de.archive.ubuntu.com/ubuntu noble-updates/main amd64 binutils amd64 2.42-4ubuntu2.10 [18.2 kB]
Get:9 http://de.archive.ubuntu.com/ubuntu noble-updates/main amd64 gcc-13-base amd64 13.3.0-6ubuntu2~24.04.1 [51.6 kB]
Get:10 http://de.archive.ubuntu.com/ubuntu noble-updates/main amd64 libisl23 amd64 0.26-3build1.1 [680 kB]
Get:11 http://de.archive.ubuntu.com/ubuntu noble-updates/main amd64 libmpc3 amd64 1.3.1-1build1.1 [54.6 kB]
Get:12 http://de.archive.ubuntu.com/ubuntu noble-updates/main amd64 cpp-13-x86-64-linux-gnu amd64 13.3.0-6ubuntu2~24.04.1 [10.7 MB]
Get:13 http://de.archive.ubuntu.com/ubuntu noble-updates/main amd64 cpp-13 amd64 13.3.0-6ubuntu2~24.04.1 [1,042 B]
Get:14 http://de.archive.ubuntu.com/ubuntu noble/main amd64 cpp-x86-64-linux-gnu amd64 4:13.2.0-7ubuntu1 [5,326 B]
Get:15 http://de.archive.ubuntu.com/ubuntu noble/main amd64 cpp amd64 4:13.2.0-7ubuntu1 [22.4 kB]
Get:16 http://de.archive.ubuntu.com/ubuntu noble-updates/main amd64 libcc1-0 amd64 14.2.0-4ubuntu2~24.04.1 [48.0 kB]
Get:17 http://de.archive.ubuntu.com/ubuntu noble-updates/main amd64 libgomp1 amd64 14.2.0-4ubuntu2~24.04.1 [148 kB]
Get:18 http://de.archive.ubuntu.com/ubuntu noble-updates/main amd64 libitm1 amd64 14.2.0-4ubuntu2~24.04.1 [29.7 kB]
Get:19 http://de.archive.ubuntu.com/ubuntu noble-updates/main amd64 libatomic1 amd64 14.2.0-4ubuntu2~24.04.1 [10.5 kB]
Get:20 http://de.archive.ubuntu.com/ubuntu noble-updates/main amd64 libasan8 amd64 14.2.0-4ubuntu2~24.04.1 [3,027 kB]
Get:21 http://de.archive.ubuntu.com/ubuntu noble-updates/main amd64 liblsan0 amd64 14.2.0-4ubuntu2~24.04.1 [1,322 kB]
Get:22 http://de.archive.ubuntu.com/ubuntu noble-updates/main amd64 libtsan2 amd64 14.2.0-4ubuntu2~24.04.1 [2,772 kB]
Get:23 http://de.archive.ubuntu.com/ubuntu noble-updates/main amd64 libubsan1 amd64 14.2.0-4ubuntu2~24.04.1 [1,184 kB]
Get:24 http://de.archive.ubuntu.com/ubuntu noble-updates/main amd64 libhwasan0 amd64 14.2.0-4ubuntu2~24.04.1 [1,641 kB]
Get:25 http://de.archive.ubuntu.com/ubuntu noble-updates/main amd64 libquadmath0 amd64 14.2.0-4ubuntu2~24.04.1 [153 kB]
Get:26 http://de.archive.ubuntu.com/ubuntu noble-updates/main amd64 libgcc-13-dev amd64 13.3.0-6ubuntu2~24.04.1 [2,681 kB]
Get:27 http://de.archive.ubuntu.com/ubuntu noble-updates/main amd64 gcc-13-x86-64-linux-gnu amd64 13.3.0-6ubuntu2~24.04.1 [21.1 MB]
Get:28 http://de.archive.ubuntu.com/ubuntu noble-updates/main amd64 gcc-13 amd64 13.3.0-6ubuntu2~24.04.1 [494 kB]
Get:29 http://de.archive.ubuntu.com/ubuntu noble/main amd64 gcc-x86-64-linux-gnu amd64 4:13.2.0-7ubuntu1 [1,212 B]
Get:30 http://de.archive.ubuntu.com/ubuntu noble/main amd64 gcc amd64 4:13.2.0-7ubuntu1 [5,018 B]
Get:31 http://de.archive.ubuntu.com/ubuntu noble-updates/main amd64 libstdc++-13-dev amd64 13.3.0-6ubuntu2~24.04.1 [2,420 kB]
Get:32 http://de.archive.ubuntu.com/ubuntu noble-updates/main amd64 g++-13-x86-64-linux-gnu amd64 13.3.0-6ubuntu2~24.04.1 [12.2 MB]
Get:33 http://de.archive.ubuntu.com/ubuntu noble-updates/main amd64 g++-13 amd64 13.3.0-6ubuntu2~24.04.1 [16.0 kB]
Get:34 http://de.archive.ubuntu.com/ubuntu noble/main amd64 g++-x86-64-linux-gnu amd64 4:13.2.0-7ubuntu1 [964 B]
Get:35 http://de.archive.ubuntu.com/ubuntu noble/main amd64 g++ amd64 4:13.2.0-7ubuntu1 [1,100 B]
Get:36 http://de.archive.ubuntu.com/ubuntu noble/main amd64 make amd64 4.3-4.1build2 [180 kB]
Get:37 http://de.archive.ubuntu.com/ubuntu noble-updates/main amd64 libdpkg-perl all 1.22.6ubuntu6.6 [268 kB]
Get:38 http://de.archive.ubuntu.com/ubuntu noble-updates/main amd64 bzip2 amd64 1.0.8-5.1build0.1 [34.5 kB]
Get:39 http://de.archive.ubuntu.com/ubuntu noble/main amd64 lto-disabled-list all 47 [12.4 kB]
Get:40 http://de.archive.ubuntu.com/ubuntu noble-updates/main amd64 dpkg-dev all 1.22.6ubuntu6.6 [1,074 kB]
Get:41 http://de.archive.ubuntu.com/ubuntu noble/main amd64 build-essential amd64 12.10ubuntu1 [4,928 B]
Get:42 http://de.archive.ubuntu.com/ubuntu noble/universe amd64 libapache-pom-java all 29-2 [5,284 B]
Get:43 http://de.archive.ubuntu.com/ubuntu noble/universe amd64 libatinject-jsr330-api-java all 1.0+ds1-5 [5,348 B]
Get:44 http://de.archive.ubuntu.com/ubuntu noble/universe amd64 libgeronimo-interceptor-3.0-spec-java all 1.0.1-4fakesync [8,616 B]
Get:45 http://de.archive.ubuntu.com/ubuntu noble/universe amd64 libcdi-api-java all 1.2-3 [54.3 kB]
Get:46 http://de.archive.ubuntu.com/ubuntu noble/universe amd64 libcommons-cli-java all 1.6.0-1 [59.9 kB]
Get:47 http://de.archive.ubuntu.com/ubuntu noble/universe amd64 libcommons-parent-java all 56-1 [10.7 kB]
Get:48 http://de.archive.ubuntu.com/ubuntu noble/universe amd64 libcommons-io-java all 2.11.0-2 [297 kB]
Get:49 http://de.archive.ubuntu.com/ubuntu noble/universe amd64 libcommons-lang3-java all 3.14.0-1 [586 kB]
Get:50 http://de.archive.ubuntu.com/ubuntu noble/universe amd64 libjsr305-java all 0.1~+svn49-11 [27.0 kB]
Get:51 http://de.archive.ubuntu.com/ubuntu noble/universe amd64 libguava-java all 32.0.1-1 [2,692 kB]
Get:52 http://de.archive.ubuntu.com/ubuntu noble/universe amd64 liberror-prone-java all 2.18.0-1 [22.5 kB]
Get:53 http://de.archive.ubuntu.com/ubuntu noble/universe amd64 libgeronimo-annotation-1.3-spec-java all 1.3-1 [11.2 kB]
Get:54 http://de.archive.ubuntu.com/ubuntu noble/universe amd64 libaopalliance-java all 20070526-7 [8,166 B]
Get:55 http://de.archive.ubuntu.com/ubuntu noble/universe amd64 libguice-java all 4.2.3-2 [1,434 kB]
Get:56 http://de.archive.ubuntu.com/ubuntu noble/universe amd64 libjansi-java all 2.4.1-2 [83.0 kB]
Get:57 http://de.archive.ubuntu.com/ubuntu noble/universe amd64 libmaven-parent-java all 35-1 [5,810 B]
Get:58 http://de.archive.ubuntu.com/ubuntu noble/universe amd64 libplexus-utils2-java all 3.4.2-1 [256 kB]
Get:59 http://de.archive.ubuntu.com/ubuntu noble/universe amd64 libwagon-provider-api-java all 3.5.3-1 [47.9 kB]
Get:60 http://de.archive.ubuntu.com/ubuntu noble/universe amd64 libmaven-resolver-java all 1.6.3-1 [544 kB]
Get:61 http://de.archive.ubuntu.com/ubuntu noble/universe amd64 libmaven-shared-utils-java all 3.3.4-1 [137 kB]
Get:62 http://de.archive.ubuntu.com/ubuntu noble/universe amd64 libplexus-cipher-java all 2.0-1 [14.7 kB]
Get:63 http://de.archive.ubuntu.com/ubuntu noble/universe amd64 libplexus-classworlds-java all 2.7.0-1 [50.0 kB]
Get:64 http://de.archive.ubuntu.com/ubuntu noble/universe amd64 libplexus-component-annotations-java all 2.1.1-1 [6,550 B]
Get:65 http://de.archive.ubuntu.com/ubuntu noble/universe amd64 libplexus-interpolation-java all 1.26-1 [76.8 kB]
Get:66 http://de.archive.ubuntu.com/ubuntu noble/universe amd64 libplexus-sec-dispatcher-java all 2.0-3 [28.1 kB]
Get:67 http://de.archive.ubuntu.com/ubuntu noble/universe amd64 libslf4j-java all 1.7.32-1 [141 kB]
Get:68 http://de.archive.ubuntu.com/ubuntu noble/universe amd64 libsisu-inject-java all 0.3.4-2 [347 kB]
Get:69 http://de.archive.ubuntu.com/ubuntu noble/universe amd64 libsisu-plexus-java all 0.3.4-3 [181 kB]
Get:70 http://de.archive.ubuntu.com/ubuntu noble/universe amd64 libmaven3-core-java all 3.8.7-2 [1,565 kB]
Get:71 http://de.archive.ubuntu.com/ubuntu noble/universe amd64 libwagon-file-java all 3.5.3-1 [7,918 B]
Get:72 http://de.archive.ubuntu.com/ubuntu noble/universe amd64 libwagon-http-shaded-java all 3.5.3-1 [1,332 kB]
Get:73 http://de.archive.ubuntu.com/ubuntu noble/universe amd64 maven all 3.8.7-2 [18.3 kB]
Fetched 76.7 MB in 5s (16.9 MB/s)
Selecting previously unselected package binutils-common:amd64.
(Reading database ... 
(Reading database ... 5%
(Reading database ... 10%
(Reading database ... 15%
(Reading database ... 20%
(Reading database ... 25%
(Reading database ... 30%
(Reading database ... 35%
(Reading database ... 40%
(Reading database ... 45%
(Reading database ... 50%
(Reading database ... 55%
(Reading database ... 60%
(Reading database ... 65%
(Reading database ... 70%
(Reading database ... 75%
(Reading database ... 80%
(Reading database ... 85%
(Reading database ... 90%
(Reading database ... 95%
(Reading database ... 100%
(Reading database ... 90474 files and directories currently installed.)
Preparing to unpack .../00-binutils-common_2.42-4ubuntu2.10_amd64.deb ...
Unpacking binutils-common:amd64 (2.42-4ubuntu2.10) ...
Selecting previously unselected package libsframe1:amd64.
Preparing to unpack .../01-libsframe1_2.42-4ubuntu2.10_amd64.deb ...
Unpacking libsframe1:amd64 (2.42-4ubuntu2.10) ...
Selecting previously unselected package libbinutils:amd64.
Preparing to unpack .../02-libbinutils_2.42-4ubuntu2.10_amd64.deb ...
Unpacking libbinutils:amd64 (2.42-4ubuntu2.10) ...
Selecting previously unselected package libctf-nobfd0:amd64.
Preparing to unpack .../03-libctf-nobfd0_2.42-4ubuntu2.10_amd64.deb ...
Unpacking libctf-nobfd0:amd64 (2.42-4ubuntu2.10) ...
Selecting previously unselected package libctf0:amd64.
Preparing to unpack .../04-libctf0_2.42-4ubuntu2.10_amd64.deb ...
Unpacking libctf0:amd64 (2.42-4ubuntu2.10) ...
Selecting previously unselected package libgprofng0:amd64.
Preparing to unpack .../05-libgprofng0_2.42-4ubuntu2.10_amd64.deb ...
Unpacking libgprofng0:amd64 (2.42-4ubuntu2.10) ...
Selecting previously unselected package binutils-x86-64-linux-gnu.
Preparing to unpack .../06-binutils-x86-64-linux-gnu_2.42-4ubuntu2.10_amd64.deb ...
Unpacking binutils-x86-64-linux-gnu (2.42-4ubuntu2.10) ...
Selecting previously unselected package binutils.
Preparing to unpack .../07-binutils_2.42-4ubuntu2.10_amd64.deb ...
Unpacking binutils (2.42-4ubuntu2.10) ...
Selecting previously unselected package gcc-13-base:amd64.
Preparing to unpack .../08-gcc-13-base_13.3.0-6ubuntu2~24.04.1_amd64.deb ...
Unpacking gcc-13-base:amd64 (13.3.0-6ubuntu2~24.04.1) ...
Selecting previously unselected package libisl23:amd64.
Preparing to unpack .../09-libisl23_0.26-3build1.1_amd64.deb ...
Unpacking libisl23:amd64 (0.26-3build1.1) ...
Selecting previously unselected package libmpc3:amd64.
Preparing to unpack .../10-libmpc3_1.3.1-1build1.1_amd64.deb ...
Unpacking libmpc3:amd64 (1.3.1-1build1.1) ...
Selecting previously unselected package cpp-13-x86-64-linux-gnu.
Preparing to unpack .../11-cpp-13-x86-64-linux-gnu_13.3.0-6ubuntu2~24.04.1_amd64.deb ...
Unpacking cpp-13-x86-64-linux-gnu (13.3.0-6ubuntu2~24.04.1) ...
Selecting previously unselected package cpp-13.
Preparing to unpack .../12-cpp-13_13.3.0-6ubuntu2~24.04.1_amd64.deb ...
Unpacking cpp-13 (13.3.0-6ubuntu2~24.04.1) ...
Selecting previously unselected package cpp-x86-64-linux-gnu.
Preparing to unpack .../13-cpp-x86-64-linux-gnu_4%3a13.2.0-7ubuntu1_amd64.deb ...
Unpacking cpp-x86-64-linux-gnu (4:13.2.0-7ubuntu1) ...
Selecting previously unselected package cpp.
Preparing to unpack .../14-cpp_4%3a13.2.0-7ubuntu1_amd64.deb ...
Unpacking cpp (4:13.2.0-7ubuntu1) ...
Selecting previously unselected package libcc1-0:amd64.
Preparing to unpack .../15-libcc1-0_14.2.0-4ubuntu2~24.04.1_amd64.deb ...
Unpacking libcc1-0:amd64 (14.2.0-4ubuntu2~24.04.1) ...
Selecting previously unselected package libgomp1:amd64.
Preparing to unpack .../16-libgomp1_14.2.0-4ubuntu2~24.04.1_amd64.deb ...
Unpacking libgomp1:amd64 (14.2.0-4ubuntu2~24.04.1) ...
Selecting previously unselected package libitm1:amd64.
Preparing to unpack .../17-libitm1_14.2.0-4ubuntu2~24.04.1_amd64.deb ...
Unpacking libitm1:amd64 (14.2.0-4ubuntu2~24.04.1) ...
Selecting previously unselected package libatomic1:amd64.
Preparing to unpack .../18-libatomic1_14.2.0-4ubuntu2~24.04.1_amd64.deb ...
Unpacking libatomic1:amd64 (14.2.0-4ubuntu2~24.04.1) ...
Selecting previously unselected package libasan8:amd64.
Preparing to unpack .../19-libasan8_14.2.0-4ubuntu2~24.04.1_amd64.deb ...
Unpacking libasan8:amd64 (14.2.0-4ubuntu2~24.04.1) ...
Selecting previously unselected package liblsan0:amd64.
Preparing to unpack .../20-liblsan0_14.2.0-4ubuntu2~24.04.1_amd64.deb ...
Unpacking liblsan0:amd64 (14.2.0-4ubuntu2~24.04.1) ...
Selecting previously unselected package libtsan2:amd64.
Preparing to unpack .../21-libtsan2_14.2.0-4ubuntu2~24.04.1_amd64.deb ...
Unpacking libtsan2:amd64 (14.2.0-4ubuntu2~24.04.1) ...
Selecting previously unselected package libubsan1:amd64.
Preparing to unpack .../22-libubsan1_14.2.0-4ubuntu2~24.04.1_amd64.deb ...
Unpacking libubsan1:amd64 (14.2.0-4ubuntu2~24.04.1) ...
Selecting previously unselected package libhwasan0:amd64.
Preparing to unpack .../23-libhwasan0_14.2.0-4ubuntu2~24.04.1_amd64.deb ...
Unpacking libhwasan0:amd64 (14.2.0-4ubuntu2~24.04.1) ...
Selecting previously unselected package libquadmath0:amd64.
Preparing to unpack .../24-libquadmath0_14.2.0-4ubuntu2~24.04.1_amd64.deb ...
Unpacking libquadmath0:amd64 (14.2.0-4ubuntu2~24.04.1) ...
Selecting previously unselected package libgcc-13-dev:amd64.
Preparing to unpack .../25-libgcc-13-dev_13.3.0-6ubuntu2~24.04.1_amd64.deb ...
Unpacking libgcc-13-dev:amd64 (13.3.0-6ubuntu2~24.04.1) ...
Selecting previously unselected package gcc-13-x86-64-linux-gnu.
Preparing to unpack .../26-gcc-13-x86-64-linux-gnu_13.3.0-6ubuntu2~24.04.1_amd64.deb ...
Unpacking gcc-13-x86-64-linux-gnu (13.3.0-6ubuntu2~24.04.1) ...
Selecting previously unselected package gcc-13.
Preparing to unpack .../27-gcc-13_13.3.0-6ubuntu2~24.04.1_amd64.deb ...
Unpacking gcc-13 (13.3.0-6ubuntu2~24.04.1) ...
Selecting previously unselected package gcc-x86-64-linux-gnu.
Preparing to unpack .../28-gcc-x86-64-linux-gnu_4%3a13.2.0-7ubuntu1_amd64.deb ...
Unpacking gcc-x86-64-linux-gnu (4:13.2.0-7ubuntu1) ...
Selecting previously unselected package gcc.
Preparing to unpack .../29-gcc_4%3a13.2.0-7ubuntu1_amd64.deb ...
Unpacking gcc (4:13.2.0-7ubuntu1) ...
Selecting previously unselected package libstdc++-13-dev:amd64.
Preparing to unpack .../30-libstdc++-13-dev_13.3.0-6ubuntu2~24.04.1_amd64.deb ...
Unpacking libstdc++-13-dev:amd64 (13.3.0-6ubuntu2~24.04.1) ...
Selecting previously unselected package g++-13-x86-64-linux-gnu.
Preparing to unpack .../31-g++-13-x86-64-linux-gnu_13.3.0-6ubuntu2~24.04.1_amd64.deb ...
Unpacking g++-13-x86-64-linux-gnu (13.3.0-6ubuntu2~24.04.1) ...
Selecting previously unselected package g++-13.
Preparing to unpack .../32-g++-13_13.3.0-6ubuntu2~24.04.1_amd64.deb ...
Unpacking g++-13 (13.3.0-6ubuntu2~24.04.1) ...
Selecting previously unselected package g++-x86-64-linux-gnu.
Preparing to unpack .../33-g++-x86-64-linux-gnu_4%3a13.2.0-7ubuntu1_amd64.deb ...
Unpacking g++-x86-64-linux-gnu (4:13.2.0-7ubuntu1) ...
Selecting previously unselected package g++.
Preparing to unpack .../34-g++_4%3a13.2.0-7ubuntu1_amd64.deb ...
Unpacking g++ (4:13.2.0-7ubuntu1) ...
Selecting previously unselected package make.
Preparing to unpack .../35-make_4.3-4.1build2_amd64.deb ...
Unpacking make (4.3-4.1build2) ...
Selecting previously unselected package libdpkg-perl.
Preparing to unpack .../36-libdpkg-perl_1.22.6ubuntu6.6_all.deb ...
Unpacking libdpkg-perl (1.22.6ubuntu6.6) ...
Selecting previously unselected package bzip2.
Preparing to unpack .../37-bzip2_1.0.8-5.1build0.1_amd64.deb ...
Unpacking bzip2 (1.0.8-5.1build0.1) ...
Selecting previously unselected package lto-disabled-list.
Preparing to unpack .../38-lto-disabled-list_47_all.deb ...
Unpacking lto-disabled-list (47) ...
Selecting previously unselected package dpkg-dev.
Preparing to unpack .../39-dpkg-dev_1.22.6ubuntu6.6_all.deb ...
Unpacking dpkg-dev (1.22.6ubuntu6.6) ...
Selecting previously unselected package build-essential.
Preparing to unpack .../40-build-essential_12.10ubuntu1_amd64.deb ...
Unpacking build-essential (12.10ubuntu1) ...
Selecting previously unselected package libapache-pom-java.
Preparing to unpack .../41-libapache-pom-java_29-2_all.deb ...
Unpacking libapache-pom-java (29-2) ...
Selecting previously unselected package libatinject-jsr330-api-java.
Preparing to unpack .../42-libatinject-jsr330-api-java_1.0+ds1-5_all.deb ...
Unpacking libatinject-jsr330-api-java (1.0+ds1-5) ...
Selecting previously unselected package libgeronimo-interceptor-3.0-spec-java.
Preparing to unpack .../43-libgeronimo-interceptor-3.0-spec-java_1.0.1-4fakesync_all.deb ...
Unpacking libgeronimo-interceptor-3.0-spec-java (1.0.1-4fakesync) ...
Selecting previously unselected package libcdi-api-java.
Preparing to unpack .../44-libcdi-api-java_1.2-3_all.deb ...
Unpacking libcdi-api-java (1.2-3) ...
Selecting previously unselected package libcommons-cli-java.
Preparing to unpack .../45-libcommons-cli-java_1.6.0-1_all.deb ...
Unpacking libcommons-cli-java (1.6.0-1) ...
Selecting previously unselected package libcommons-parent-java.
Preparing to unpack .../46-libcommons-parent-java_56-1_all.deb ...
Unpacking libcommons-parent-java (56-1) ...
Selecting previously unselected package libcommons-io-java.
Preparing to unpack .../47-libcommons-io-java_2.11.0-2_all.deb ...
Unpacking libcommons-io-java (2.11.0-2) ...
Selecting previously unselected package libcommons-lang3-java.
Preparing to unpack .../48-libcommons-lang3-java_3.14.0-1_all.deb ...
Unpacking libcommons-lang3-java (3.14.0-1) ...
Selecting previously unselected package libjsr305-java.
Preparing to unpack .../49-libjsr305-java_0.1~+svn49-11_all.deb ...
Unpacking libjsr305-java (0.1~+svn49-11) ...
Selecting previously unselected package libguava-java.
Preparing to unpack .../50-libguava-java_32.0.1-1_all.deb ...
Unpacking libguava-java (32.0.1-1) ...
Selecting previously unselected package liberror-prone-java.
Preparing to unpack .../51-liberror-prone-java_2.18.0-1_all.deb ...
Unpacking liberror-prone-java (2.18.0-1) ...
Selecting previously unselected package libgeronimo-annotation-1.3-spec-java.
Preparing to unpack .../52-libgeronimo-annotation-1.3-spec-java_1.3-1_all.deb ...
Unpacking libgeronimo-annotation-1.3-spec-java (1.3-1) ...
Selecting previously unselected package libaopalliance-java.
Preparing to unpack .../53-libaopalliance-java_20070526-7_all.deb ...
Unpacking libaopalliance-java (20070526-7) ...
Selecting previously unselected package libguice-java.
Preparing to unpack .../54-libguice-java_4.2.3-2_all.deb ...
Unpacking libguice-java (4.2.3-2) ...
Selecting previously unselected package libjansi-java.
Preparing to unpack .../55-libjansi-java_2.4.1-2_all.deb ...
Unpacking libjansi-java (2.4.1-2) ...
Selecting previously unselected package libmaven-parent-java.
Preparing to unpack .../56-libmaven-parent-java_35-1_all.deb ...
Unpacking libmaven-parent-java (35-1) ...
Selecting previously unselected package libplexus-utils2-java.
Preparing to unpack .../57-libplexus-utils2-java_3.4.2-1_all.deb ...
Unpacking libplexus-utils2-java (3.4.2-1) ...
Selecting previously unselected package libwagon-provider-api-java.
Preparing to unpack .../58-libwagon-provider-api-java_3.5.3-1_all.deb ...
Unpacking libwagon-provider-api-java (3.5.3-1) ...
Selecting previously unselected package libmaven-resolver-java.
Preparing to unpack .../59-libmaven-resolver-java_1.6.3-1_all.deb ...
Unpacking libmaven-resolver-java (1.6.3-1) ...
Selecting previously unselected package libmaven-shared-utils-java.
Preparing to unpack .../60-libmaven-shared-utils-java_3.3.4-1_all.deb ...
Unpacking libmaven-shared-utils-java (3.3.4-1) ...
Selecting previously unselected package libplexus-cipher-java.
Preparing to unpack .../61-libplexus-cipher-java_2.0-1_all.deb ...
Unpacking libplexus-cipher-java (2.0-1) ...
Selecting previously unselected package libplexus-classworlds-java.
Preparing to unpack .../62-libplexus-classworlds-java_2.7.0-1_all.deb ...
Unpacking libplexus-classworlds-java (2.7.0-1) ...
Selecting previously unselected package libplexus-component-annotations-java.
Preparing to unpack .../63-libplexus-component-annotations-java_2.1.1-1_all.deb ...
Unpacking libplexus-component-annotations-java (2.1.1-1) ...
Selecting previously unselected package libplexus-interpolation-java.
Preparing to unpack .../64-libplexus-interpolation-java_1.26-1_all.deb ...
Unpacking libplexus-interpolation-java (1.26-1) ...
Selecting previously unselected package libplexus-sec-dispatcher-java.
Preparing to unpack .../65-libplexus-sec-dispatcher-java_2.0-3_all.deb ...
Unpacking libplexus-sec-dispatcher-java (2.0-3) ...
Selecting previously unselected package libslf4j-java.
Preparing to unpack .../66-libslf4j-java_1.7.32-1_all.deb ...
Unpacking libslf4j-java (1.7.32-1) ...
Selecting previously unselected package libsisu-inject-java.
Preparing to unpack .../67-libsisu-inject-java_0.3.4-2_all.deb ...
Unpacking libsisu-inject-java (0.3.4-2) ...
Selecting previously unselected package libsisu-plexus-java.
Preparing to unpack .../68-libsisu-plexus-java_0.3.4-3_all.deb ...
Unpacking libsisu-plexus-java (0.3.4-3) ...
Selecting previously unselected package libmaven3-core-java.
Preparing to unpack .../69-libmaven3-core-java_3.8.7-2_all.deb ...
Unpacking libmaven3-core-java (3.8.7-2) ...
Selecting previously unselected package libwagon-file-java.
Preparing to unpack .../70-libwagon-file-java_3.5.3-1_all.deb ...
Unpacking libwagon-file-java (3.5.3-1) ...
Selecting previously unselected package libwagon-http-shaded-java.
Preparing to unpack .../71-libwagon-http-shaded-java_3.5.3-1_all.deb ...
Unpacking libwagon-http-shaded-java (3.5.3-1) ...
Selecting previously unselected package maven.
Preparing to unpack .../72-maven_3.8.7-2_all.deb ...
Unpacking maven (3.8.7-2) ...
Setting up libslf4j-java (1.7.32-1) ...
Setting up libplexus-utils2-java (3.4.2-1) ...
Setting up lto-disabled-list (47) ...
Setting up libplexus-classworlds-java (2.7.0-1) ...
Setting up libjsr305-java (0.1~+svn49-11) ...
Setting up libaopalliance-java (20070526-7) ...
Setting up libcommons-cli-java (1.6.0-1) ...
Setting up binutils-common:amd64 (2.42-4ubuntu2.10) ...
Setting up libctf-nobfd0:amd64 (2.42-4ubuntu2.10) ...
Setting up libplexus-component-annotations-java (2.1.1-1) ...
Setting up libgomp1:amd64 (14.2.0-4ubuntu2~24.04.1) ...
Setting up bzip2 (1.0.8-5.1build0.1) ...
Setting up libsframe1:amd64 (2.42-4ubuntu2.10) ...
Setting up libgeronimo-annotation-1.3-spec-java (1.3-1) ...
Setting up libgeronimo-interceptor-3.0-spec-java (1.0.1-4fakesync) ...
Setting up gcc-13-base:amd64 (13.3.0-6ubuntu2~24.04.1) ...
Setting up make (4.3-4.1build2) ...
Setting up libjansi-java (2.4.1-2) ...
Setting up libapache-pom-java (29-2) ...
Setting up libatinject-jsr330-api-java (1.0+ds1-5) ...
Setting up libquadmath0:amd64 (14.2.0-4ubuntu2~24.04.1) ...
Setting up libplexus-interpolation-java (1.26-1) ...
Setting up libmpc3:amd64 (1.3.1-1build1.1) ...
Setting up libatomic1:amd64 (14.2.0-4ubuntu2~24.04.1) ...
Setting up libdpkg-perl (1.22.6ubuntu6.6) ...
Setting up libubsan1:amd64 (14.2.0-4ubuntu2~24.04.1) ...
Setting up libhwasan0:amd64 (14.2.0-4ubuntu2~24.04.1) ...
Setting up libasan8:amd64 (14.2.0-4ubuntu2~24.04.1) ...
Setting up libwagon-http-shaded-java (3.5.3-1) ...
Setting up libtsan2:amd64 (14.2.0-4ubuntu2~24.04.1) ...
Setting up libbinutils:amd64 (2.42-4ubuntu2.10) ...
Setting up libisl23:amd64 (0.26-3build1.1) ...
Setting up libcdi-api-java (1.2-3) ...
Setting up libcc1-0:amd64 (14.2.0-4ubuntu2~24.04.1) ...
Setting up liblsan0:amd64 (14.2.0-4ubuntu2~24.04.1) ...
Setting up libitm1:amd64 (14.2.0-4ubuntu2~24.04.1) ...
Setting up libctf0:amd64 (2.42-4ubuntu2.10) ...
Setting up libwagon-provider-api-java (3.5.3-1) ...
Setting up cpp-13-x86-64-linux-gnu (13.3.0-6ubuntu2~24.04.1) ...
Setting up libmaven-parent-java (35-1) ...
Setting up libcommons-parent-java (56-1) ...
Setting up libsisu-inject-java (0.3.4-2) ...
Setting up libplexus-cipher-java (2.0-1) ...
Setting up libsisu-plexus-java (0.3.4-3) ...
Setting up libgprofng0:amd64 (2.42-4ubuntu2.10) ...
Setting up libcommons-lang3-java (3.14.0-1) ...
Setting up libgcc-13-dev:amd64 (13.3.0-6ubuntu2~24.04.1) ...
Setting up libplexus-sec-dispatcher-java (2.0-3) ...
Setting up libwagon-file-java (3.5.3-1) ...
Setting up libstdc++-13-dev:amd64 (13.3.0-6ubuntu2~24.04.1) ...
Setting up binutils-x86-64-linux-gnu (2.42-4ubuntu2.10) ...
Setting up cpp-x86-64-linux-gnu (4:13.2.0-7ubuntu1) ...
Setting up cpp-13 (13.3.0-6ubuntu2~24.04.1) ...
Setting up libcommons-io-java (2.11.0-2) ...
Setting up gcc-13-x86-64-linux-gnu (13.3.0-6ubuntu2~24.04.1) ...
Setting up binutils (2.42-4ubuntu2.10) ...
Setting up dpkg-dev (1.22.6ubuntu6.6) ...
Setting up libmaven-resolver-java (1.6.3-1) ...
Setting up gcc-13 (13.3.0-6ubuntu2~24.04.1) ...
Setting up cpp (4:13.2.0-7ubuntu1) ...
Setting up libmaven-shared-utils-java (3.3.4-1) ...
Setting up g++-13-x86-64-linux-gnu (13.3.0-6ubuntu2~24.04.1) ...
Setting up gcc-x86-64-linux-gnu (4:13.2.0-7ubuntu1) ...
Setting up gcc (4:13.2.0-7ubuntu1) ...
Setting up g++-x86-64-linux-gnu (4:13.2.0-7ubuntu1) ...
Setting up g++-13 (13.3.0-6ubuntu2~24.04.1) ...
Setting up g++ (4:13.2.0-7ubuntu1) ...
update-alternatives: using /usr/bin/g++ to provide /usr/bin/c++ (c++) in auto mode
Setting up build-essential (12.10ubuntu1) ...
Setting up libguava-java (32.0.1-1) ...
Setting up liberror-prone-java (2.18.0-1) ...
Setting up libguice-java (4.2.3-2) ...
Setting up libmaven3-core-java (3.8.7-2) ...
Setting up maven (3.8.7-2) ...
update-alternatives: using /usr/share/maven/bin/mvn to provide /usr/bin/mvn (mvn) in auto mode
Processing triggers for man-db (2.12.0-4build2) ...
Processing triggers for libc-bin (2.39-0ubuntu8.8) ...
[ok] Build tools installed

==> Docker
Reading package lists...
Building dependency tree...
Reading state information...
The following additional packages will be installed:
  containerd runc
Suggested packages:
  aufs-tools cgroupfs-mount | cgroup-lite debootstrap docker-compose-v2
  docker-doc rinse zfs-fuse | zfsutils
Recommended packages:
  pigz ubuntu-fan
The following NEW packages will be installed:
  containerd docker-buildx docker.io runc
0 upgraded, 4 newly installed, 0 to remove and 32 not upgraded.
Need to get 90.1 MB of archives.
After this operation, 348 MB of additional disk space will be used.
Get:1 http://de.archive.ubuntu.com/ubuntu noble-updates/main amd64 runc amd64 1.3.4-0ubuntu1~24.04.1 [9,574 kB]
Get:2 http://de.archive.ubuntu.com/ubuntu noble-updates/main amd64 containerd amd64 2.2.1-0ubuntu1~24.04.3 [28.1 MB]
Get:3 http://de.archive.ubuntu.com/ubuntu noble-updates/universe amd64 docker.io amd64 29.1.3-0ubuntu3~24.04.2 [35.6 MB]
Get:4 http://de.archive.ubuntu.com/ubuntu noble-updates/universe amd64 docker-buildx amd64 0.30.1-0ubuntu1~24.04.1 [16.8 MB]
Fetched 90.1 MB in 11s (8,273 kB/s)
Selecting previously unselected package runc.
(Reading database ... 
(Reading database ... 5%
(Reading database ... 10%
(Reading database ... 15%
(Reading database ... 20%
(Reading database ... 25%
(Reading database ... 30%
(Reading database ... 35%
(Reading database ... 40%
(Reading database ... 45%
(Reading database ... 50%
(Reading database ... 55%
(Reading database ... 60%
(Reading database ... 65%
(Reading database ... 70%
(Reading database ... 75%
(Reading database ... 80%
(Reading database ... 85%
(Reading database ... 90%
(Reading database ... 95%
(Reading database ... 100%
(Reading database ... 93550 files and directories currently installed.)
Preparing to unpack .../runc_1.3.4-0ubuntu1~24.04.1_amd64.deb ...
Unpacking runc (1.3.4-0ubuntu1~24.04.1) ...
Selecting previously unselected package containerd.
Preparing to unpack .../containerd_2.2.1-0ubuntu1~24.04.3_amd64.deb ...
Unpacking containerd (2.2.1-0ubuntu1~24.04.3) ...
Selecting previously unselected package docker.io.
Preparing to unpack .../docker.io_29.1.3-0ubuntu3~24.04.2_amd64.deb ...
Unpacking docker.io (29.1.3-0ubuntu3~24.04.2) ...
Selecting previously unselected package docker-buildx.
Preparing to unpack .../docker-buildx_0.30.1-0ubuntu1~24.04.1_amd64.deb ...
Unpacking docker-buildx (0.30.1-0ubuntu1~24.04.1) ...
Setting up runc (1.3.4-0ubuntu1~24.04.1) ...
Setting up containerd (2.2.1-0ubuntu1~24.04.3) ...
Created symlink /etc/systemd/system/multi-user.target.wants/containerd.service → /usr/lib/systemd/system/containerd.service.

Setting up docker.io (29.1.3-0ubuntu3~24.04.2) ...
debconf: unable to initialize frontend: Dialog
debconf: (Dialog frontend will not work on a dumb terminal, an emacs shell buffer, or without a controlling terminal.)
debconf: falling back to frontend: Readline
debconf: unable to initialize frontend: Readline
debconf: (This frontend requires a controlling tty.)
debconf: falling back to frontend: Teletype
info: Selecting GID from range 100 to 999 ...
info: Adding group `docker' (GID 111) ...
Created symlink /etc/systemd/system/multi-user.target.wants/docker.service → /usr/lib/systemd/system/docker.service.

Created symlink /etc/systemd/system/sockets.target.wants/docker.socket → /usr/lib/systemd/system/docker.socket.

Setting up docker-buildx (0.30.1-0ubuntu1~24.04.1) ...
Processing triggers for man-db (2.12.0-4build2) ...
[ok] Docker installed: Docker version 29.1.3, build 29.1.3-0ubuntu3~24.04.2
[info] Writing /etc/docker/daemon.json
[ok] Docker daemon config updated

==> Swapfile
Setting up swapspace version 1, size = 4 GiB (4294963200 bytes)
no label, UUID=9fabfe1e-e6ec-4038-9be9-64b1bd345c78
[ok] 4 GiB swap configured: 11Gi

==> skopeo (containerized)
v1.18.0: Pulling from skopeo/stable
333ddbd6f104: Pulling fs layer
889761274ff1: Pulling fs layer
93cbf925da50: Pulling fs layer
3d015149e555: Pulling fs layer
cd8d13dc1206: Pulling fs layer
c3f9d1f7bb1b: Pulling fs layer
333ddbd6f104: Download complete
93cbf925da50: Download complete
3d015149e555: Download complete
cd8d13dc1206: Download complete
889761274ff1: Download complete
cd8d13dc1206: Pull complete
889761274ff1: Pull complete
c3f9d1f7bb1b: Download complete
333ddbd6f104: Pull complete
93cbf925da50: Pull complete
3d015149e555: Pull complete
c3f9d1f7bb1b: Pull complete
Digest: sha256:c4c8a9d6fc95e331fa92fc31de3f6c9b5fe4761c82f0acb99669eef067fb7c33
Status: Downloaded newer image for quay.io/skopeo/stable:v1.18.0
quay.io/skopeo/stable:v1.18.0
[ok] skopeo (containerized): skopeo version 1.18.0
[ok] containers policy.json created

==> trivy
aquasecurity/trivy info checking GitHub for latest tag
aquasecurity/trivy info found version: 0.72.0 for v0.72.0/Linux/64bit
aquasecurity/trivy info installed /usr/local/bin/trivy
[ok] trivy installed: Version: 0.72.0

==> cosign
[ok] cosign installed:   ______   ______        _______. __    _______ .__   __.

==> mise
[ok] mise installed

==> Python venv
[ok] Python dependencies installed

==> Playwright
[info] Installing Playwright (native glibc) + browser deps...
Downloading Chrome for Testing 149.0.7827.55 (playwright chromium v1228) from https://cdn.playwright.dev/builds/cft/149.0.7827.55/linux64/chrome-linux64.zip
|                                                                                |   0% of 177 MiB
|■■■■■■■■                                                                        |  10% of 177 MiB
|■■■■■■■■■■■■■■■■                                                                |  20% of 177 MiB
|■■■■■■■■■■■■■■■■■■■■■■■■                                                        |  30% of 177 MiB
|■■■■■■■■■■■■■■■■■■■■■■■■■■■■■■■■                                                |  40% of 177 MiB
|■■■■■■■■■■■■■■■■■■■■■■■■■■■■■■■■■■■■■■■■                                        |  50% of 177 MiB
|■■■■■■■■■■■■■■■■■■■■■■■■■■■■■■■■■■■■■■■■■■■■■■■■                                |  60% of 177 MiB
|■■■■■■■■■■■■■■■■■■■■■■■■■■■■■■■■■■■■■■■■■■■■■■■■■■■■■■■■                        |  70% of 177 MiB
|■■■■■■■■■■■■■■■■■■■■■■■■■■■■■■■■■■■■■■■■■■■■■■■■■■■■■■■■■■■■■■■■                |  80% of 177 MiB
|■■■■■■■■■■■■■■■■■■■■■■■■■■■■■■■■■■■■■■■■■■■■■■■■■■■■■■■■■■■■■■■■■■■■■■■■        |  90% of 177 MiB
|■■■■■■■■■■■■■■■■■■■■■■■■■■■■■■■■■■■■■■■■■■■■■■■■■■■■■■■■■■■■■■■■■■■■■■■■■■■■■■■■| 100% of 177 MiB
Chrome for Testing 149.0.7827.55 (playwright chromium v1228) downloaded to /home/nuc/.cache/ms-playwright/chromium-1228
Downloading FFmpeg (playwright ffmpeg v1011) from https://cdn.playwright.dev/dbazure/download/playwright/builds/ffmpeg/1011/ffmpeg-linux.zip
|                                                                                |   0% of 2.3 MiB
|■■■■■■■■                                                                        |  10% of 2.3 MiB
|■■■■■■■■■■■■■■■■                                                                |  20% of 2.3 MiB
|■■■■■■■■■■■■■■■■■■■■■■■■                                                        |  30% of 2.3 MiB
|■■■■■■■■■■■■■■■■■■■■■■■■■■■■■■■■                                                |  40% of 2.3 MiB
|■■■■■■■■■■■■■■■■■■■■■■■■■■■■■■■■■■■■■■■■                                        |  50% of 2.3 MiB
|■■■■■■■■■■■■■■■■■■■■■■■■■■■■■■■■■■■■■■■■■■■■■■■■                                |  60% of 2.3 MiB
|■■■■■■■■■■■■■■■■■■■■■■■■■■■■■■■■■■■■■■■■■■■■■■■■■■■■■■■■                        |  70% of 2.3 MiB
|■■■■■■■■■■■■■■■■■■■■■■■■■■■■■■■■■■■■■■■■■■■■■■■■■■■■■■■■■■■■■■■■                |  80% of 2.3 MiB
|■■■■■■■■■■■■■■■■■■■■■■■■■■■■■■■■■■■■■■■■■■■■■■■■■■■■■■■■■■■■■■■■■■■■■■■■        |  90% of 2.3 MiB
|■■■■■■■■■■■■■■■■■■■■■■■■■■■■■■■■■■■■■■■■■■■■■■■■■■■■■■■■■■■■■■■■■■■■■■■■■■■■■■■■| 100% of 2.3 MiB
FFmpeg (playwright ffmpeg v1011) downloaded to /home/nuc/.cache/ms-playwright/ffmpeg-1011
Downloading Chrome Headless Shell 149.0.7827.55 (playwright chromium-headless-shell v1228) from https://cdn.playwright.dev/builds/cft/149.0.7827.55/linux64/chrome-headless-shell-linux64.zip
|                                                                                |   0% of 114.2 MiB
|■■■■■■■■                                                                        |  10% of 114.2 MiB
|■■■■■■■■■■■■■■■■                                                                |  20% of 114.2 MiB
|■■■■■■■■■■■■■■■■■■■■■■■■                                                        |  30% of 114.2 MiB
|■■■■■■■■■■■■■■■■■■■■■■■■■■■■■■■■                                                |  40% of 114.2 MiB
|■■■■■■■■■■■■■■■■■■■■■■■■■■■■■■■■■■■■■■■■                                        |  50% of 114.2 MiB
|■■■■■■■■■■■■■■■■■■■■■■■■■■■■■■■■■■■■■■■■■■■■■■■■                                |  60% of 114.2 MiB
|■■■■■■■■■■■■■■■■■■■■■■■■■■■■■■■■■■■■■■■■■■■■■■■■■■■■■■■■                        |  70% of 114.2 MiB
|■■■■■■■■■■■■■■■■■■■■■■■■■■■■■■■■■■■■■■■■■■■■■■■■■■■■■■■■■■■■■■■■                |  80% of 114.2 MiB
|■■■■■■■■■■■■■■■■■■■■■■■■■■■■■■■■■■■■■■■■■■■■■■■■■■■■■■■■■■■■■■■■■■■■■■■■        |  90% of 114.2 MiB
|■■■■■■■■■■■■■■■■■■■■■■■■■■■■■■■■■■■■■■■■■■■■■■■■■■■■■■■■■■■■■■■■■■■■■■■■■■■■■■■■| 100% of 114.2 MiB
Chrome Headless Shell 149.0.7827.55 (playwright chromium-headless-shell v1228) downloaded to /home/nuc/.cache/ms-playwright/chromium_headless_shell-1228
[ok] Playwright installed (chromium: /home/nuc/.cache/ms-playwright/chromium-1228/chrome-linux64/chrome)

[ok] NUC build host ready (full tool parity with the Alpine build host)
[info]   java:    openjdk version "21.0.11" 2026-04-21
[info]   node:    v22.23.1
[info]   python:  Python 3.12.3
[info]   docker:  Docker version 29.1.3, build 29.1.3-0ubuntu3~24.04.2
[info]   skopeo:  skopeo version 1.18.0
[info]   trivy:   Version: 0.72.0
[info]   cosign:    ______   ______        _______. __    _______ .__   __.
[info] Before-snapshot for teardown: /home/nuc/.vpath-nuc-provision/before-snapshot.txt


┌─────────────────────────────────────────────────────────────┐
│  Task Timing Summary                                        │
├─────────────────────────────────────────────────────────────┤
│    96.9s   99%  provisionBuildVM                             │
│     0.8s    1%  bootstrapVMs                                 │
├─────────────────────────────────────────────────────────────┤
│  Total: 97.7s (2 tasks executed, 0 skipped)                 │
└─────────────────────────────────────────────────────────────┘

BUILD SUCCESSFUL in 1m 43s
6 actionable tasks: 3 executed, 3 up-to-date
===EXIT=0===
=== 12-provisionBuildVM  end 2026-07-27T23:46:26Z ===
